python : INFO:     
Will watch for 
changes in these 
directories: ['C:\\Use
rs\\Anuja\\Desktop\\QU
ANT\\backend']
At line:1 char:1
+ python main.py > 
error_log.txt 2>&1; 
Get-Content 
error_log.txt
+ ~~~~~~~~~~~~~~~~~~~~
~~~~~~~~~~~~~~~
    + CategoryInfo    
          : NotSpeci  
  fied: (INFO:        
 Will ...UANT\\bac    
kend']:String) []    
, RemoteException
    + FullyQualifiedE 
   rrorId : NativeCo  
  mmandError
 
INFO:     Uvicorn 
running on 
http://0.0.0.0:8000 
(Press CTRL+C to quit)
INFO:     Started 
reloader process 
[8280] using 
StatReload
INFO:     Started 
server process [33772]
INFO:     Waiting for 
application startup.
INFO:     Application 
startup complete.
INFO:     127.0.0.1:60331 - "GET /health HTTP/1.1" 200 OK
INFO:     127.0.0.1:60331 - "GET /favicon.ico HTTP/1.1" 404 Not Found
INFO:     127.0.0.1:60331 - "GET /health HTTP/1.1" 200 OK
INFO:     127.0.0.1:62363 - "GET /docs HTTP/1.1" 200 OK
INFO:     127.0.0.1:62363 - "GET /openapi.json HTTP/1.1" 200 OK
INFO:     127.0.0.1:56584 - "GET /docs HTTP/1.1" 200 OK
INFO:     127.0.0.1:56584 - "GET /openapi.json HTTP/1.1" 200 OK
INFO:     127.0.0.1:63339 - "GET /health HTTP/1.1" 200 OK
INFO:data.data_fetcher
:Fetching AAPLAAPL | 
1d | period=5y
ERROR:yfinance:HTTP 
Error 404: {"quoteSumm
ary":{"result":null,"e
rror":{"code":"Not Fou
nd","description":"Quo
te not found for 
symbol: AAPLAAPL"}}}
ERROR:yfinance:$AAPLAA
PL: possibly 
delisted; no price 
data found  
(period=5y) (Yahoo 
error = "No data 
found, symbol may be 
delisted")
INFO:     127.0.0.1:53890 - "GET /analyze/AAPLAAPL?timeframe=1d HTTP/1.1" 400 Bad Request
INFO:data.data_fetcher
:Fetching AAPL | 1d | 
period=5y
INFO:data.data_fetcher
:Fetched 1256 bars 
for AAPL [1d]
WARNING:agents.rl_meta
_controller:RL 
dependencies 
unavailable 
([WinError 1114] A 
dynamic link library 
(DLL) initialization 
routine failed. Error 
loading "C:\Users\Anuj
a\AppData\Local\Progra
ms\Python\Python312\Li
b\site-packages\torch\
lib\c10.dll" or one 
of its 
dependencies.). Using 
default weights.
INFO:     127.0.0.1:55596 - "GET /analyze/AAPL?timeframe=1d HTTP/1.1" 200 OK
INFO:data.data_fetcher
:Fetching AAPL | 1d | 
period=5y
INFO:data.data_fetcher
:Fetched 1256 bars 
for AAPL [1d]
INFO:     127.0.0.1:62854 - "GET /analyze/AAPL?timeframe=1d HTTP/1.1" 200 OK
INFO:data.data_fetcher
:Fetching AAPL | 1d | 
period=5y
INFO:data.data_fetcher
:Fetched 1256 bars 
for AAPL [1d]
INFO:     127.0.0.1:63520 - "GET /analyze/AAPL?timeframe=1d HTTP/1.1" 200 OK
INFO:data.data_fetcher
:Fetching AAPL | 1d | 
period=5y
INFO:data.data_fetcher
:Fetched 1256 bars 
for AAPL [1d]
INFO:     127.0.0.1:56186 - "GET /analyze/AAPL?timeframe=1d HTTP/1.1" 200 OK
INFO:data.data_fetcher
:Fetching AAPL | 1d | 
period=5y
INFO:data.data_fetcher
:Fetched 1256 bars 
for AAPL [1d]
INFO:     127.0.0.1:63013 - "GET /analyze/AAPL?timeframe=1d HTTP/1.1" 200 OK
INFO:data.data_fetcher
:Fetching AAPLAAPL | 
1d | period=5y
ERROR:yfinance:HTTP 
Error 404: {"quoteSumm
ary":{"result":null,"e
rror":{"code":"Not Fou
nd","description":"Quo
te not found for 
symbol: AAPLAAPL"}}}
ERROR:yfinance:$AAPLAA
PL: possibly 
delisted; no price 
data found  
(period=5y) (Yahoo 
error = "No data 
found, symbol may be 
delisted")
INFO:     127.0.0.1:57171 - "GET /analyze/AAPLAAPL?timeframe=1d HTTP/1.1" 400 Bad Request
INFO:data.data_fetcher
:Fetching AAPLAAPL | 
1d | period=5y
ERROR:yfinance:$AAPLAA
PL: possibly 
delisted; no price 
data found  
(period=5y) (Yahoo 
error = "No data 
found, symbol may be 
delisted")
INFO:     127.0.0.1:63864 - "GET /analyze/AAPLAAPL?timeframe=1d HTTP/1.1" 400 Bad Request
INFO:data.data_fetcher
:Fetching AAPL | 1d | 
period=5y
INFO:data.data_fetcher
:Fetched 1256 bars 
for AAPL [1d]
INFO:     127.0.0.1:63091 - "GET /analyze/AAPL?timeframe=1d HTTP/1.1" 200 OK
INFO:data.data_fetcher
:Fetching AAPL | 1d | 
period=5y
INFO:data.data_fetcher
:Fetched 1256 bars 
for AAPL [1d]
INFO:     127.0.0.1:57451 - "GET /analyze/AAPL?timeframe=1d HTTP/1.1" 200 OK
INFO:data.data_fetcher
:Fetching AAPL | 1d | 
period=5y
INFO:data.data_fetcher
:Fetched 1256 bars 
for AAPL [1d]
INFO:     127.0.0.1:63791 - "GET /analyze/AAPL?timeframe=1d HTTP/1.1" 200 OK
INFO:data.data_fetcher
:Fetching AAPL | 1d | 
period=5y
INFO:data.data_fetcher
:Fetched 1256 bars 
for AAPL [1d]
INFO:     127.0.0.1:56377 - "GET /analyze/AAPL?timeframe=1d HTTP/1.1" 200 OK
INFO:data.data_fetcher
:Fetching AAPLAAPL | 
1d | period=5y
ERROR:yfinance:$AAPLAA
PL: possibly 
delisted; no price 
data found  
(period=5y) (Yahoo 
error = "No data 
found, symbol may be 
delisted")
INFO:     127.0.0.1:63016 - "GET /analyze/AAPLAAPL?timeframe=1d HTTP/1.1" 400 Bad Request
INFO:data.data_fetcher
:Fetching AAPL | 1d | 
period=5y
INFO:data.data_fetcher
:Fetched 1256 bars 
for AAPL [1d]
INFO:     127.0.0.1:57402 - "GET /analyze/AAPL?timeframe=1d HTTP/1.1" 200 OK
INFO:data.data_fetcher
:Fetching AAPL | 1d | 
period=5y
INFO:data.data_fetcher
:Fetched 1256 bars 
for AAPL [1d]
INFO:     127.0.0.1:56918 - "GET /analyze/AAPL?timeframe=1d HTTP/1.1" 200 OK
WARNING:  StatReload 
detected changes in 
'config.py'. 
Reloading...
